// Jest Snapshot v1, https://goo.gl/fbAQLP

exports[`check BasicDetailBox component Detail Box is ready to be test without data 1`] = `ShallowWrapper {}`;

exports[`check BasicDetailBox component Detail Box is ready to be tested 1`] = `ShallowWrapper {}`;
